=== Job configuration ===
JOB_NAME               = pca2
JOB_ID                 = 32136692
ACCOUNT                = indikar1
PARTITION              = gpu
NODES                  = 1
NTASKS                 = 1
CPUS_PER_TASK          = 16
MEM                    = 150G
GPUS                   = 1
TIME                   = 36:00:00

=== Paths & parameters ===
WORK_DIR               = /home/cstansbu/git_repositories/cell_cycle/pipelines/TrajectoryNet
INPUT_ADATA            = /nfs/turbo/umms-indikar/shared/projects/HSC/pipeline_outputs/integrated_anndata/cell_cycle/TrajNet_input.h5ad
OUTPUT_DIR             = /nfs/turbo/umms-indikar/shared/projects/HSC/pipeline_outputs/integrated_anndata/cell_cycle/pca2
RUN_ID                 = 20250908_094138_32136692
EMBEDDING_NAME         = pca
MAX_DIM                = 2
NITER                  = 10000
PYTHON_BIN             = python

Resetting output directory...
OUTPUT_DIR (fresh)     = /nfs/turbo/umms-indikar/shared/projects/HSC/pipeline_outputs/integrated_anndata/cell_cycle/pca2

=== Training (TrajectoryNet.main) ===
