=== Job configuration ===
JOB_NAME               = pca25
JOB_ID                 = 31887000
ACCOUNT                = indikar1
PARTITION              = gpu
NODES                  = 1
NTASKS                 = 1
CPUS_PER_TASK          = 16
MEM                    = 150G
GPUS                   = 1
TIME                   = 36:00:00

=== Paths & parameters ===
WORK_DIR               = /home/cstansbu/git_repositories/cell_cycle/pipelines/TrajectoryNet
INPUT_ADATA            = /nfs/turbo/umms-indikar/shared/projects/HSC/pipeline_outputs/integrated_anndata/cell_cycle/TrajNet_input.h5ad
OUTPUT_DIR             = /nfs/turbo/umms-indikar/shared/projects/HSC/pipeline_outputs/integrated_anndata/cell_cycle/pca25
RUN_ID                 = 20250904_094350_31887000
EMBEDDING_NAME         = pca
MAX_DIM                = 25
NITER                  = 10000
VECINT                 = 1e-4
PYTHON_BIN             = python

Resetting output directory...
OUTPUT_DIR (fresh)     = /nfs/turbo/umms-indikar/shared/projects/HSC/pipeline_outputs/integrated_anndata/cell_cycle/pca25

=== Training (TrajectoryNet.main) ===
True
Warning: Clipping dimensionality from 50 to 25

=== Evaluation (TrajectoryNet.eval) ===
Warning: Clipping dimensionality from 50 to 25
integrating backwards

Done: Fri Sep  5 16:15:48 EDT 2025  Run ID: 20250904_094350_31887000
