# Loaded config: /home/cstansbu/git_repositories/cell_cycle/pipelines/TrajectoryNet/config.yaml
adata: /nfs/turbo/umms-indikar/shared/projects/HSC/pipeline_outputs/integrated_anndata/cell_cycle/inputs/adata.h5ad
input: /nfs/turbo/umms-indikar/shared/projects/HSC/pipeline_outputs/integrated_anndata/cell_cycle/inputs/input_15comp_6time.npz
output: /nfs/turbo/umms-indikar/shared/projects/HSC/pipeline_outputs/integrated_anndata/cell_cycle/outputs
integration_args:
  times:
  - 10
  - 100
  - 200
args:
  dataset: /nfs/turbo/umms-indikar/shared/projects/HSC/pipeline_outputs/integrated_anndata/cell_cycle/inputs/input_15comp_6time.npz
  embedding_name: pca
  save: /nfs/turbo/umms-indikar/shared/projects/HSC/pipeline_outputs/integrated_anndata/cell_cycle/outputs
  niters: 500
  max_dim: 20
  time_scale: 0.5
  use_density: true
  rtol: 1e-4
  atol: 1e-5
  top_k_reg: 1.5
  batch_size: 8192
  vecint: 1e-5
  lr: 1e-2
  whiten: true
  training_noise: 0.0
  weight_decay: 1e-5
==================================================  SETTING UP MODEL  ==================================================
torch=2.7.1 | cuda=12.9 | cudnn=91200 | cuda_available=True
device=cuda:0 / 1 gpus | name=NVIDIA A100 80GB PCIe MIG 3g.40gb
capability=8.0 | mem_free=38.97 GiB / mem_total=39.25 GiB
==================================================  TRAINING  ==================================================
No model compilation.
Density Loss 0.9719290137290955
Density Loss 0.9083830118179321
Density Loss 0.8987194299697876
Density Loss 0.94384765625
Density Loss 0.9481388926506042
Density Loss 0.9733577966690063
Density Loss 0.9701782464981079
Density Loss 0.9361352920532227
Density Loss 0.9550983309745789
Density Loss 0.9289422035217285
Density Loss 0.9196411371231079
Density Loss 0.9177846908569336
Density Loss 0.9403963088989258
Density Loss 0.9270796179771423
Density Loss 0.9621416330337524
Density Loss 0.9584702849388123
Density Loss 0.9615252614021301
Density Loss 0.9547151923179626
Density Loss 0.983869731426239
Density Loss 0.9604911804199219
Density Loss 0.9692997932434082
Density Loss 0.9408928751945496
Density Loss 0.9425907135009766
Density Loss 0.9463006854057312
Density Loss 0.9318342208862305
Density Loss 0.9287161231040955
Density Loss 0.9139577746391296
Density Loss 0.9248995780944824
Density Loss 0.9176267981529236
Density Loss 0.9304613471031189
Density Loss 0.9276172518730164
Density Loss 0.9533077478408813
Density Loss 0.9319822192192078
Density Loss 0.9109366536140442
Density Loss 0.9367095828056335
Density Loss 0.9505123496055603
Density Loss 0.9431089758872986
Density Loss 0.9595935940742493
Density Loss 0.9849374890327454
Density Loss 0.9541801810264587
Density Loss 0.9676098823547363
Density Loss 0.9674332737922668
Density Loss 0.9558495879173279
Density Loss 0.953168511390686
Density Loss 0.951966404914856
Density Loss 0.9660248756408691
Density Loss 0.9744856953620911
Density Loss 0.9873661398887634
Density Loss 1.0033868551254272
Density Loss 1.0012892484664917
Density Loss 0.9971866607666016
Density Loss 1.011762022972107
Density Loss 0.9982803463935852
Density Loss 1.0059938430786133
Density Loss 1.0105060338974
Density Loss 0.9943695068359375
Density Loss 1.018036961555481
Density Loss 0.9951443076133728
Density Loss 1.0030502080917358
Density Loss 1.0108674764633179
Density Loss 1.014499306678772
Density Loss 0.9970142245292664
Density Loss 0.9998571276664734
Density Loss 0.9861930012702942
Density Loss 0.9981111884117126
Density Loss 0.9619957208633423
Density Loss 0.9755081534385681
Density Loss 0.9762887954711914
Density Loss 0.9625819325447083
Density Loss 0.9748951196670532
Density Loss 0.987102210521698
Density Loss 0.9992368817329407
Density Loss 0.9842576384544373
Density Loss 0.991517186164856
Density Loss 0.9761932492256165
Density Loss 0.981909453868866
Density Loss 0.9700837135314941
Density Loss 0.970100998878479
Density Loss 0.9822000861167908
Density Loss 0.9645310640335083
Density Loss 0.9672353863716125
Density Loss 0.9634942412376404
Density Loss 0.9428057074546814
Density Loss 0.9789749383926392
Density Loss 0.9633659720420837
Density Loss 0.9719136357307434
Density Loss 0.9845684170722961
Density Loss 0.9682418704032898
Density Loss 0.9716255068778992
Density Loss 0.9709531664848328
Density Loss 0.9669148325920105
Density Loss 0.9830343127250671
Density Loss 0.9712786674499512
Density Loss 0.9682990312576294
Density Loss 0.9759605526924133
Density Loss 0.9825019836425781
Density Loss 0.9898698925971985
Density Loss 0.9710304141044617
Density Loss 0.9782602190971375
Density Loss 0.9724380373954773
Density Loss 0.9313204884529114
Density Loss 0.9699248671531677
Density Loss 0.9896979331970215
Density Loss 0.9793793559074402
Density Loss 0.9796448945999146
Density Loss 0.9887015223503113
Density Loss 0.9976509213447571
Density Loss 0.9927985072135925
Density Loss 0.9814343452453613
Density Loss 0.9695831537246704
Density Loss 0.9763934016227722
Density Loss 0.9752402305603027
Density Loss 0.9761822819709778
Density Loss 0.9592425227165222
Density Loss 0.9776180386543274
Density Loss 0.982193648815155
Density Loss 0.9862506985664368
Density Loss 0.9853519797325134
Density Loss 0.9745963215827942
Density Loss 0.9740562438964844
Density Loss 0.9937717318534851
Density Loss 0.9886451959609985
Density Loss 0.9795481562614441
Density Loss 0.9686430096626282
Density Loss 0.9855427742004395
Density Loss 0.9797517657279968
Density Loss 0.998465359210968
Density Loss 1.0185314416885376
Density Loss 1.0142101049423218
Density Loss 0.9869439005851746
Density Loss 0.9771076440811157
Density Loss 0.9970623254776001
Density Loss 0.9671478271484375
Density Loss 0.9802480936050415
Density Loss 0.9774778485298157
Density Loss 0.9833423495292664
Density Loss 0.972607433795929
Density Loss 0.9703306555747986
Density Loss 0.9847869873046875
Density Loss 0.9629213213920593
Density Loss 0.9727706909179688
Density Loss 0.9694386720657349
Density Loss 0.9767757654190063
Density Loss 0.9814128875732422
Density Loss 0.9682149887084961
Density Loss 0.967560887336731
Density Loss 0.9547035098075867
Density Loss 0.9450087547302246
Density Loss 0.9722941517829895
Density Loss 0.9662438631057739
Density Loss 0.9643304944038391
Density Loss 0.973111093044281
Density Loss 0.9737600684165955
Density Loss 0.9656321406364441
Density Loss 0.9504684805870056
Density Loss 0.9738138318061829
Density Loss 0.989619255065918
Density Loss 0.9896776080131531
Density Loss 0.9837329983711243
Density Loss 0.9881300330162048
Density Loss 0.9808581471443176
Density Loss 0.9799502491950989
Density Loss 0.9917736053466797
Density Loss 0.9775064587593079
Density Loss 0.9902340173721313
Density Loss 0.9766716361045837
Density Loss 0.9918023347854614
Density Loss 0.9775423407554626
Density Loss 0.9777446985244751
Density Loss 0.9800306558609009
Density Loss 0.9720637202262878
Density Loss 0.9815277457237244
Density Loss 0.9689485430717468
Density Loss 0.996739387512207
Density Loss 0.9933075308799744
Density Loss 0.9815952181816101
Density Loss 0.9806579947471619
Density Loss 0.9540237784385681
Density Loss 0.9824582934379578
Density Loss 0.9719435572624207
Density Loss 0.980136513710022
Density Loss 0.9592429995536804
Density Loss 0.9771998524665833
Density Loss 0.9740507006645203
Density Loss 0.9831547737121582
Density Loss 0.9698482751846313
Density Loss 0.9711548089981079
Density Loss 0.9556642770767212
Density Loss 0.9722225069999695
Density Loss 0.9621944427490234
Density Loss 0.9730365872383118
Density Loss 0.96337890625
Density Loss 0.9711402058601379
Density Loss 0.9752358794212341
Density Loss 0.9858129620552063
Density Loss 0.9803687930107117
Density Loss 0.9772878885269165
Density Loss 0.9710306525230408
Density Loss 0.9727898836135864
Density Loss 0.9612511992454529
Density Loss 0.9467208981513977
Density Loss 0.9345380663871765
Density Loss 0.9746403694152832
Density Loss 0.9621923565864563
Density Loss 0.9753457307815552
Density Loss 0.9609010815620422
Density Loss 0.950692355632782
Density Loss 0.9636678695678711
Density Loss 0.9405450224876404
Density Loss 0.9738273620605469
Density Loss 0.945368766784668
Density Loss 0.9643961191177368
Density Loss 0.951015293598175
Density Loss 0.9822345972061157
Density Loss 0.9573575854301453
Density Loss 0.961115300655365
Density Loss 0.9586837887763977
Density Loss 0.9539278149604797
Density Loss 0.9597445726394653
Density Loss 0.9515447616577148
Density Loss 0.9435798525810242
Density Loss 0.9432220458984375
Density Loss 0.9475706219673157
Density Loss 0.9581972360610962
Density Loss 0.9602144360542297
Density Loss 0.9570358395576477
Density Loss 0.9809350967407227
Density Loss 0.9502095580101013
Density Loss 0.9676054120063782
Density Loss 0.9663028120994568
Density Loss 0.9563267827033997
Density Loss 0.966911256313324
Density Loss 0.9794996380805969
Density Loss 0.9467644095420837
Density Loss 0.963005542755127
Density Loss 0.9661657214164734
Density Loss 0.953011691570282
Density Loss 0.9587944149971008
Density Loss 0.9572082757949829
Density Loss 0.950844407081604
Density Loss 0.9431142210960388
Density Loss 0.9576541185379028
Density Loss 0.9548240900039673
Density Loss 0.9526556134223938
Density Loss 0.9508476257324219
Density Loss 0.9554449319839478
Density Loss 0.9841890335083008
Density Loss 0.9666183590888977
Density Loss 0.9786806106567383
Density Loss 0.9674944877624512
Density Loss 0.9351674914360046
Density Loss 0.9431228637695312
Density Loss 0.9571690559387207
Density Loss 0.973102867603302
Density Loss 0.9485458731651306
Density Loss 0.9499654173851013
Density Loss 0.9511550068855286
Density Loss 0.9800671935081482
Density Loss 0.9538542628288269
Density Loss 0.9573433995246887
Density Loss 0.9710100293159485
Density Loss 0.9904993176460266
Density Loss 0.9631568789482117
Density Loss 0.9816780090332031
Density Loss 0.9865769743919373
Density Loss 0.9824077486991882
Density Loss 0.9769061207771301
Density Loss 0.9563739895820618
Density Loss 0.9770069122314453
Density Loss 0.9536060690879822
Density Loss 0.9722749590873718
Density Loss 0.9581775069236755
Density Loss 0.972930908203125
Density Loss 0.9821460843086243
Density Loss 0.9389166235923767
Density Loss 0.9675081372261047
Density Loss 0.9683085680007935
Density Loss 0.9494802355766296
Density Loss 0.9698476195335388
Density Loss 0.9586472511291504
Density Loss 0.9589055180549622
Density Loss 0.9683540463447571
Density Loss 0.9400568008422852
Density Loss 0.9539259076118469
Density Loss 0.9637767672538757
Density Loss 0.9635868072509766
Density Loss 0.9588571786880493
Density Loss 0.9661075472831726
Density Loss 0.9624334573745728
Density Loss 0.9570888876914978
Density Loss 0.9682602882385254
Density Loss 0.9612655639648438
Density Loss 0.9646244049072266
Density Loss 0.9633802771568298
Density Loss 0.9622676968574524
Density Loss 0.9636042714118958
Density Loss 0.9669029116630554
Density Loss 0.9808406829833984
Density Loss 0.9646849036216736
Density Loss 0.9674941897392273
Density Loss 0.9573955535888672
Density Loss 0.9606714248657227
Density Loss 0.9406488537788391
Density Loss 0.9750881195068359
Density Loss 0.9675177931785583
Density Loss 0.9705179333686829
Density Loss 0.9581602215766907
Density Loss 0.9781069755554199
Density Loss 0.9544111490249634
Density Loss 0.9641544222831726
Density Loss 0.9732851982116699
Density Loss 0.9676061868667603
Density Loss 0.9738195538520813
Density Loss 0.9853319525718689
Density Loss 0.9584865570068359
Density Loss 0.9791759848594666
Density Loss 0.9799222946166992
Density Loss 0.960361659526825
Density Loss 0.9893113374710083
Density Loss 0.9494227766990662
Density Loss 0.9524404406547546
Density Loss 0.970685601234436
Density Loss 0.9598703384399414
Density Loss 0.9365177154541016
Density Loss 0.9552478790283203
Density Loss 0.9476453065872192
Density Loss 0.9642320871353149
Density Loss 0.9574535489082336
Density Loss 0.9682208895683289
Density Loss 0.9643092155456543
Density Loss 0.9551510214805603
Density Loss 0.9805824160575867
Density Loss 1.0021129846572876
Density Loss 0.9798426628112793
Density Loss 0.9663829803466797
Density Loss 0.9813637733459473
Density Loss 0.9607765078544617
Density Loss 0.9785079956054688
Density Loss 0.9599176645278931
Density Loss 0.9660372734069824
Density Loss 0.9695777893066406
Density Loss 0.9695850610733032
Density Loss 0.9548471570014954
Density Loss 0.9411810040473938
Density Loss 0.957127571105957
Density Loss 0.9806802868843079
Density Loss 0.9533417820930481
Density Loss 0.9581487774848938
Density Loss 0.9716004729270935
Density Loss 0.9677432179450989
Density Loss 0.9534660577774048
Density Loss 0.9592553973197937
Density Loss 0.9697381854057312
Density Loss 0.9674841165542603
Density Loss 0.9670481085777283
Density Loss 0.9597175717353821
Density Loss 0.962863564491272
Density Loss 0.9753851890563965
Density Loss 0.9659647345542908
Density Loss 0.9776825308799744
Density Loss 0.9724957346916199
Density Loss 0.9730423092842102
Density Loss 0.9571456909179688
Density Loss 0.9655675292015076
Density Loss 0.9569132924079895
Density Loss 0.9694650769233704
Density Loss 0.9632232785224915
Density Loss 0.9766990542411804
Density Loss 0.9668818712234497
Density Loss 0.9624547362327576
Density Loss 0.9774870276451111
Density Loss 0.9686269760131836
Density Loss 0.9643670320510864
Density Loss 0.9596167802810669
Density Loss 0.9540999531745911
Density Loss 0.9582237601280212
Density Loss 0.9628959894180298
Density Loss 0.9754962921142578
Density Loss 0.9538105130195618
Density Loss 0.9746222496032715
Density Loss 0.9956390261650085
Density Loss 0.9735795855522156
Density Loss 0.9750982522964478
Density Loss 0.954749584197998
Density Loss 0.965157687664032
Density Loss 0.9551583528518677
Density Loss 0.978654682636261
Density Loss 0.9874659776687622
Density Loss 0.9582508206367493
Density Loss 0.9725490808486938
Density Loss 0.9540023803710938
Density Loss 0.9667062163352966
Density Loss 0.9363903403282166
Density Loss 0.9745939373970032
Density Loss 0.9811637997627258
Density Loss 0.9495599865913391
Density Loss 0.9665055274963379
Density Loss 0.9487053155899048
Density Loss 0.9884824752807617
Density Loss 0.9527460336685181
Density Loss 0.9512190222740173
Density Loss 0.9617069363594055
Density Loss 0.9642443060874939
Density Loss 0.9247711300849915
Density Loss 0.9485227465629578
Density Loss 0.9612923860549927
Density Loss 0.972137451171875
Density Loss 0.9768341183662415
Density Loss 0.9615055322647095
Density Loss 0.9681262969970703
Density Loss 0.971282958984375
Density Loss 0.955073356628418
Density Loss 0.9617925882339478
Density Loss 0.9609970450401306
Density Loss 0.968843936920166
Density Loss 0.9596118927001953
Density Loss 0.9669696688652039
Density Loss 0.9520314335823059
Density Loss 0.9641343951225281
Density Loss 0.9409537315368652
Density Loss 0.9670551419258118
Density Loss 0.9571157693862915
Density Loss 0.9592235684394836
Density Loss 0.9691430926322937
Density Loss 0.9631885886192322
Density Loss 0.9610792398452759
Density Loss 0.9831981658935547
Density Loss 0.9481266140937805
Density Loss 0.9597936868667603
Density Loss 0.9816150665283203
Density Loss 0.9685853123664856
Density Loss 0.9423385858535767
Density Loss 0.9518969655036926
Density Loss 0.9411203265190125
Density Loss 0.9703165292739868
Density Loss 0.9545229077339172
Density Loss 0.9518527984619141
Density Loss 0.9477971196174622
Density Loss 0.9461225867271423
Density Loss 0.9334136843681335
Density Loss 0.953342854976654
Density Loss 0.962712287902832
Density Loss 0.9505404829978943
Density Loss 0.9444714784622192
Density Loss 0.949501633644104
Density Loss 0.9412869811058044
Density Loss 0.9581613540649414
Density Loss 0.9551655054092407
Density Loss 0.9560167193412781
Density Loss 0.9687318801879883
Density Loss 0.956635594367981
Density Loss 0.9525222778320312
Density Loss 0.9714471697807312
Density Loss 0.9722663760185242
Density Loss 0.9514727592468262
Density Loss 0.9374409914016724
Density Loss 0.9457074403762817
Density Loss 0.9571318030357361
Density Loss 0.9610447287559509
Density Loss 0.9458072781562805
Density Loss 0.9482723474502563
Density Loss 0.9567410349845886
Density Loss 0.9403360486030579
Density Loss 0.9557361602783203
Density Loss 0.939918041229248
Density Loss 0.9363452196121216
Density Loss 0.9663500785827637
Density Loss 0.9498910903930664
Density Loss 0.9463894963264465
Density Loss 0.9888982772827148
Density Loss 0.9612858891487122
Density Loss 0.9527167677879333
Density Loss 0.9543479084968567
Density Loss 0.9493803381919861
Density Loss 0.9525390863418579
Density Loss 0.9395284056663513
Density Loss 0.9496369361877441
Density Loss 0.9406527876853943
Density Loss 0.942236602306366
Density Loss 0.952523410320282
Density Loss 0.9497784972190857
Density Loss 0.9523443579673767
Density Loss 0.9534023404121399
Density Loss 0.9620786905288696
Density Loss 0.9440679550170898
Density Loss 0.947133481502533
Density Loss 0.9521545767784119
Density Loss 0.9491198658943176
Density Loss 0.9545373916625977
Density Loss 0.9580292701721191
Density Loss 0.9541799426078796
Density Loss 0.9496429562568665
Density Loss 0.9375268816947937
Density Loss 0.9636187553405762
Density Loss 0.9460129737854004
Density Loss 0.9454290270805359
Density Loss 0.9476386904716492
Density Loss 0.9610748291015625
Density Loss 0.9366216659545898
Density Loss 0.9382817149162292
Density Loss 0.9298038482666016
Density Loss 0.957485020160675
Density Loss 0.923755943775177
Density Loss 0.9633407592773438
Density Loss 0.9125628471374512
Saved: /nfs/turbo/umms-indikar/shared/projects/HSC/pipeline_outputs/integrated_anndata/cell_cycle/outputs/training_history.csv
Saved: /nfs/turbo/umms-indikar/shared/projects/HSC/pipeline_outputs/integrated_anndata/cell_cycle/outputs/training_loss.png
==================================================  PREPARING OUTPUTS  ==================================================
Saved: /nfs/turbo/umms-indikar/shared/projects/HSC/pipeline_outputs/integrated_anndata/cell_cycle/outputs/adata.h5ad
Working trajectories with 10 timepoints...
Saved: /nfs/turbo/umms-indikar/shared/projects/HSC/pipeline_outputs/integrated_anndata/cell_cycle/outputs/pca_trajectories_10.npy
Saved: /nfs/turbo/umms-indikar/shared/projects/HSC/pipeline_outputs/integrated_anndata/cell_cycle/outputs/gene_trajectories_10.parquet
Working trajectories with 100 timepoints...
Saved: /nfs/turbo/umms-indikar/shared/projects/HSC/pipeline_outputs/integrated_anndata/cell_cycle/outputs/pca_trajectories_100.npy
Saved: /nfs/turbo/umms-indikar/shared/projects/HSC/pipeline_outputs/integrated_anndata/cell_cycle/outputs/gene_trajectories_100.parquet
Working trajectories with 200 timepoints...
Saved: /nfs/turbo/umms-indikar/shared/projects/HSC/pipeline_outputs/integrated_anndata/cell_cycle/outputs/pca_trajectories_200.npy
Saved: /nfs/turbo/umms-indikar/shared/projects/HSC/pipeline_outputs/integrated_anndata/cell_cycle/outputs/gene_trajectories_200.parquet
