=== Job configuration ===
JOB_NAME               = umap
JOB_ID                 = 31887026
ACCOUNT                = indikar1
PARTITION              = gpu
NODES                  = 1
NTASKS                 = 1
CPUS_PER_TASK          = 16
MEM                    = 150G
GPUS                   = 1
TIME                   = 36:00:00

=== Paths & parameters ===
WORK_DIR               = /home/cstansbu/git_repositories/cell_cycle/pipelines/TrajectoryNet
INPUT_ADATA            = /nfs/turbo/umms-indikar/shared/projects/HSC/pipeline_outputs/integrated_anndata/cell_cycle/TrajNet_input.h5ad
OUTPUT_DIR             = /nfs/turbo/umms-indikar/shared/projects/HSC/pipeline_outputs/integrated_anndata/cell_cycle/umap
RUN_ID                 = 20250904_094404_31887026
EMBEDDING_NAME         = umap
MAX_DIM                = 10
NITER                  = 10000
VECINT                 = 1e-4
PYTHON_BIN             = python

Resetting output directory...
OUTPUT_DIR (fresh)     = /nfs/turbo/umms-indikar/shared/projects/HSC/pipeline_outputs/integrated_anndata/cell_cycle/umap

=== Training (TrajectoryNet.main) ===
True
[0 1 2 3 4 5]
torch.Size([150])
(150, 6400, 2)
(150, 6400, 2)
(150, 6400, 2)
(150, 6400, 2)
(150, 6400, 2)
(150, 6400, 2)
(150, 6400, 2)
(150, 6400, 2)
(150, 6400, 2)
(150, 6400, 2)
(150, 6400, 2)
(150, 6400, 2)
(150, 6400, 2)
(150, 6400, 2)
(150, 6400, 2)
(150, 6400, 2)
(150, 6400, 2)
(150, 6400, 2)
(150, 6400, 2)
(150, 6400, 2)
(150, 6400, 2)
(150, 6400, 2)
(150, 6400, 2)
(150, 6400, 2)
(150, 6400, 2)
(150, 6400, 2)
(150, 6400, 2)
(150, 6400, 2)
(150, 6400, 2)
(150, 6400, 2)
(150, 6400, 2)
(150, 6400, 2)
(150, 6400, 2)
(150, 6400, 2)
(150, 6400, 2)
(150, 6400, 2)
(150, 6400, 2)
(150, 6400, 2)
(150, 6400, 2)
(150, 6400, 2)
(150, 6400, 2)
(150, 6400, 2)
(150, 6400, 2)
(150, 6400, 2)
(150, 6400, 2)
(150, 6400, 2)
(150, 6400, 2)
(150, 6400, 2)
(150, 6400, 2)
(150, 6400, 2)
(150, 6400, 2)
(150, 6400, 2)
(150, 6400, 2)
(150, 6400, 2)
(150, 6400, 2)
(150, 6400, 2)
(150, 6400, 2)
(150, 6400, 2)
(150, 6400, 2)
(150, 6400, 2)
(150, 6400, 2)
(150, 6400, 2)
(150, 6400, 2)
(150, 6400, 2)
(150, 6400, 2)
(150, 6400, 2)
(150, 6400, 2)
(150, 6400, 2)
(150, 6400, 2)
(150, 6400, 2)
(150, 6400, 2)
(150, 6400, 2)
(150, 6400, 2)
(150, 6400, 2)
(150, 6400, 2)
(150, 6400, 2)
(150, 6400, 2)
(150, 6400, 2)
(150, 6400, 2)
(150, 6400, 2)
(150, 6400, 2)
(150, 6400, 2)
(150, 6400, 2)
(150, 6400, 2)
(150, 6400, 2)
(150, 6400, 2)
(150, 6400, 2)
(150, 6400, 2)
(150, 6400, 2)
(150, 6400, 2)
(150, 6400, 2)
(150, 6400, 2)
(150, 6400, 2)
(150, 6400, 2)
(150, 6400, 2)
(150, 6400, 2)
(150, 6400, 2)
(150, 6400, 2)
(150, 6400, 2)
(150, 6400, 2)
(150, 64000, 2)
(150, 64000, 2)
(150, 64000, 2)
(150, 64000, 2)
(150, 64000, 2)
(150, 64000, 2)
(150, 64000, 2)
(150, 64000, 2)
(150, 64000, 2)
(150, 64000, 2)
making dir: /nfs/turbo/umms-indikar/shared/projects/HSC/pipeline_outputs/integrated_anndata/cell_cycle/umap/density2
making dir: /nfs/turbo/umms-indikar/shared/projects/HSC/pipeline_outputs/integrated_anndata/cell_cycle/umap/density2
making dir: /nfs/turbo/umms-indikar/shared/projects/HSC/pipeline_outputs/integrated_anndata/cell_cycle/umap/density2
making dir: /nfs/turbo/umms-indikar/shared/projects/HSC/pipeline_outputs/integrated_anndata/cell_cycle/umap/density2
making dir: /nfs/turbo/umms-indikar/shared/projects/HSC/pipeline_outputs/integrated_anndata/cell_cycle/umap/density2
making dir: /nfs/turbo/umms-indikar/shared/projects/HSC/pipeline_outputs/integrated_anndata/cell_cycle/umap/density2
making dir: /nfs/turbo/umms-indikar/shared/projects/HSC/pipeline_outputs/integrated_anndata/cell_cycle/umap/density2
making dir: /nfs/turbo/umms-indikar/shared/projects/HSC/pipeline_outputs/integrated_anndata/cell_cycle/umap/density2
making dir: /nfs/turbo/umms-indikar/shared/projects/HSC/pipeline_outputs/integrated_anndata/cell_cycle/umap/density2
making dir: /nfs/turbo/umms-indikar/shared/projects/HSC/pipeline_outputs/integrated_anndata/cell_cycle/umap/density2
making dir: /nfs/turbo/umms-indikar/shared/projects/HSC/pipeline_outputs/integrated_anndata/cell_cycle/umap/density2
making dir: /nfs/turbo/umms-indikar/shared/projects/HSC/pipeline_outputs/integrated_anndata/cell_cycle/umap/density2
making dir: /nfs/turbo/umms-indikar/shared/projects/HSC/pipeline_outputs/integrated_anndata/cell_cycle/umap/density2
making dir: /nfs/turbo/umms-indikar/shared/projects/HSC/pipeline_outputs/integrated_anndata/cell_cycle/umap/density2
making dir: /nfs/turbo/umms-indikar/shared/projects/HSC/pipeline_outputs/integrated_anndata/cell_cycle/umap/density2
making dir: /nfs/turbo/umms-indikar/shared/projects/HSC/pipeline_outputs/integrated_anndata/cell_cycle/umap/density2
making dir: /nfs/turbo/umms-indikar/shared/projects/HSC/pipeline_outputs/integrated_anndata/cell_cycle/umap/density2
making dir: /nfs/turbo/umms-indikar/shared/projects/HSC/pipeline_outputs/integrated_anndata/cell_cycle/umap/density2
making dir: /nfs/turbo/umms-indikar/shared/projects/HSC/pipeline_outputs/integrated_anndata/cell_cycle/umap/density2
making dir: /nfs/turbo/umms-indikar/shared/projects/HSC/pipeline_outputs/integrated_anndata/cell_cycle/umap/density2
making dir: /nfs/turbo/umms-indikar/shared/projects/HSC/pipeline_outputs/integrated_anndata/cell_cycle/umap/density2
making dir: /nfs/turbo/umms-indikar/shared/projects/HSC/pipeline_outputs/integrated_anndata/cell_cycle/umap/density2
making dir: /nfs/turbo/umms-indikar/shared/projects/HSC/pipeline_outputs/integrated_anndata/cell_cycle/umap/density2
making dir: /nfs/turbo/umms-indikar/shared/projects/HSC/pipeline_outputs/integrated_anndata/cell_cycle/umap/density2
making dir: /nfs/turbo/umms-indikar/shared/projects/HSC/pipeline_outputs/integrated_anndata/cell_cycle/umap/density2
making dir: /nfs/turbo/umms-indikar/shared/projects/HSC/pipeline_outputs/integrated_anndata/cell_cycle/umap/density2
making dir: /nfs/turbo/umms-indikar/shared/projects/HSC/pipeline_outputs/integrated_anndata/cell_cycle/umap/density2
making dir: /nfs/turbo/umms-indikar/shared/projects/HSC/pipeline_outputs/integrated_anndata/cell_cycle/umap/density2
making dir: /nfs/turbo/umms-indikar/shared/projects/HSC/pipeline_outputs/integrated_anndata/cell_cycle/umap/density2
making dir: /nfs/turbo/umms-indikar/shared/projects/HSC/pipeline_outputs/integrated_anndata/cell_cycle/umap/density2
making dir: /nfs/turbo/umms-indikar/shared/projects/HSC/pipeline_outputs/integrated_anndata/cell_cycle/umap/density2
making dir: /nfs/turbo/umms-indikar/shared/projects/HSC/pipeline_outputs/integrated_anndata/cell_cycle/umap/density2
making dir: /nfs/turbo/umms-indikar/shared/projects/HSC/pipeline_outputs/integrated_anndata/cell_cycle/umap/density2
making dir: /nfs/turbo/umms-indikar/shared/projects/HSC/pipeline_outputs/integrated_anndata/cell_cycle/umap/density2
making dir: /nfs/turbo/umms-indikar/shared/projects/HSC/pipeline_outputs/integrated_anndata/cell_cycle/umap/density2
making dir: /nfs/turbo/umms-indikar/shared/projects/HSC/pipeline_outputs/integrated_anndata/cell_cycle/umap/density2
making dir: /nfs/turbo/umms-indikar/shared/projects/HSC/pipeline_outputs/integrated_anndata/cell_cycle/umap/density2
making dir: /nfs/turbo/umms-indikar/shared/projects/HSC/pipeline_outputs/integrated_anndata/cell_cycle/umap/density2
making dir: /nfs/turbo/umms-indikar/shared/projects/HSC/pipeline_outputs/integrated_anndata/cell_cycle/umap/density2
making dir: /nfs/turbo/umms-indikar/shared/projects/HSC/pipeline_outputs/integrated_anndata/cell_cycle/umap/density2
making dir: /nfs/turbo/umms-indikar/shared/projects/HSC/pipeline_outputs/integrated_anndata/cell_cycle/umap/density2
making dir: /nfs/turbo/umms-indikar/shared/projects/HSC/pipeline_outputs/integrated_anndata/cell_cycle/umap/density2
making dir: /nfs/turbo/umms-indikar/shared/projects/HSC/pipeline_outputs/integrated_anndata/cell_cycle/umap/density2
making dir: /nfs/turbo/umms-indikar/shared/projects/HSC/pipeline_outputs/integrated_anndata/cell_cycle/umap/density2
making dir: /nfs/turbo/umms-indikar/shared/projects/HSC/pipeline_outputs/integrated_anndata/cell_cycle/umap/density2
making dir: /nfs/turbo/umms-indikar/shared/projects/HSC/pipeline_outputs/integrated_anndata/cell_cycle/umap/density2
making dir: /nfs/turbo/umms-indikar/shared/projects/HSC/pipeline_outputs/integrated_anndata/cell_cycle/umap/density2
making dir: /nfs/turbo/umms-indikar/shared/projects/HSC/pipeline_outputs/integrated_anndata/cell_cycle/umap/density2
making dir: /nfs/turbo/umms-indikar/shared/projects/HSC/pipeline_outputs/integrated_anndata/cell_cycle/umap/density2
making dir: /nfs/turbo/umms-indikar/shared/projects/HSC/pipeline_outputs/integrated_anndata/cell_cycle/umap/density2
making dir: /nfs/turbo/umms-indikar/shared/projects/HSC/pipeline_outputs/integrated_anndata/cell_cycle/umap/density2
making dir: /nfs/turbo/umms-indikar/shared/projects/HSC/pipeline_outputs/integrated_anndata/cell_cycle/umap/density2
making dir: /nfs/turbo/umms-indikar/shared/projects/HSC/pipeline_outputs/integrated_anndata/cell_cycle/umap/density2
making dir: /nfs/turbo/umms-indikar/shared/projects/HSC/pipeline_outputs/integrated_anndata/cell_cycle/umap/density2
making dir: /nfs/turbo/umms-indikar/shared/projects/HSC/pipeline_outputs/integrated_anndata/cell_cycle/umap/density2
making dir: /nfs/turbo/umms-indikar/shared/projects/HSC/pipeline_outputs/integrated_anndata/cell_cycle/umap/density2
making dir: /nfs/turbo/umms-indikar/shared/projects/HSC/pipeline_outputs/integrated_anndata/cell_cycle/umap/density2
making dir: /nfs/turbo/umms-indikar/shared/projects/HSC/pipeline_outputs/integrated_anndata/cell_cycle/umap/density2
making dir: /nfs/turbo/umms-indikar/shared/projects/HSC/pipeline_outputs/integrated_anndata/cell_cycle/umap/density2
making dir: /nfs/turbo/umms-indikar/shared/projects/HSC/pipeline_outputs/integrated_anndata/cell_cycle/umap/density2
making dir: /nfs/turbo/umms-indikar/shared/projects/HSC/pipeline_outputs/integrated_anndata/cell_cycle/umap/density2
making dir: /nfs/turbo/umms-indikar/shared/projects/HSC/pipeline_outputs/integrated_anndata/cell_cycle/umap/density2
making dir: /nfs/turbo/umms-indikar/shared/projects/HSC/pipeline_outputs/integrated_anndata/cell_cycle/umap/density2
making dir: /nfs/turbo/umms-indikar/shared/projects/HSC/pipeline_outputs/integrated_anndata/cell_cycle/umap/density2
making dir: /nfs/turbo/umms-indikar/shared/projects/HSC/pipeline_outputs/integrated_anndata/cell_cycle/umap/density2
making dir: /nfs/turbo/umms-indikar/shared/projects/HSC/pipeline_outputs/integrated_anndata/cell_cycle/umap/density2
making dir: /nfs/turbo/umms-indikar/shared/projects/HSC/pipeline_outputs/integrated_anndata/cell_cycle/umap/density2
making dir: /nfs/turbo/umms-indikar/shared/projects/HSC/pipeline_outputs/integrated_anndata/cell_cycle/umap/density2
making dir: /nfs/turbo/umms-indikar/shared/projects/HSC/pipeline_outputs/integrated_anndata/cell_cycle/umap/density2
making dir: /nfs/turbo/umms-indikar/shared/projects/HSC/pipeline_outputs/integrated_anndata/cell_cycle/umap/density2
making dir: /nfs/turbo/umms-indikar/shared/projects/HSC/pipeline_outputs/integrated_anndata/cell_cycle/umap/density2
making dir: /nfs/turbo/umms-indikar/shared/projects/HSC/pipeline_outputs/integrated_anndata/cell_cycle/umap/density2
making dir: /nfs/turbo/umms-indikar/shared/projects/HSC/pipeline_outputs/integrated_anndata/cell_cycle/umap/density2
making dir: /nfs/turbo/umms-indikar/shared/projects/HSC/pipeline_outputs/integrated_anndata/cell_cycle/umap/density2
making dir: /nfs/turbo/umms-indikar/shared/projects/HSC/pipeline_outputs/integrated_anndata/cell_cycle/umap/density2
making dir: /nfs/turbo/umms-indikar/shared/projects/HSC/pipeline_outputs/integrated_anndata/cell_cycle/umap/density2
making dir: /nfs/turbo/umms-indikar/shared/projects/HSC/pipeline_outputs/integrated_anndata/cell_cycle/umap/density2
making dir: /nfs/turbo/umms-indikar/shared/projects/HSC/pipeline_outputs/integrated_anndata/cell_cycle/umap/density2
making dir: /nfs/turbo/umms-indikar/shared/projects/HSC/pipeline_outputs/integrated_anndata/cell_cycle/umap/density2
making dir: /nfs/turbo/umms-indikar/shared/projects/HSC/pipeline_outputs/integrated_anndata/cell_cycle/umap/density2
making dir: /nfs/turbo/umms-indikar/shared/projects/HSC/pipeline_outputs/integrated_anndata/cell_cycle/umap/density2
making dir: /nfs/turbo/umms-indikar/shared/projects/HSC/pipeline_outputs/integrated_anndata/cell_cycle/umap/density2
making dir: /nfs/turbo/umms-indikar/shared/projects/HSC/pipeline_outputs/integrated_anndata/cell_cycle/umap/density2
making dir: /nfs/turbo/umms-indikar/shared/projects/HSC/pipeline_outputs/integrated_anndata/cell_cycle/umap/density2
making dir: /nfs/turbo/umms-indikar/shared/projects/HSC/pipeline_outputs/integrated_anndata/cell_cycle/umap/density2
making dir: /nfs/turbo/umms-indikar/shared/projects/HSC/pipeline_outputs/integrated_anndata/cell_cycle/umap/density2
making dir: /nfs/turbo/umms-indikar/shared/projects/HSC/pipeline_outputs/integrated_anndata/cell_cycle/umap/density2
making dir: /nfs/turbo/umms-indikar/shared/projects/HSC/pipeline_outputs/integrated_anndata/cell_cycle/umap/density2
making dir: /nfs/turbo/umms-indikar/shared/projects/HSC/pipeline_outputs/integrated_anndata/cell_cycle/umap/density2
making dir: /nfs/turbo/umms-indikar/shared/projects/HSC/pipeline_outputs/integrated_anndata/cell_cycle/umap/density2
making dir: /nfs/turbo/umms-indikar/shared/projects/HSC/pipeline_outputs/integrated_anndata/cell_cycle/umap/density2
making dir: /nfs/turbo/umms-indikar/shared/projects/HSC/pipeline_outputs/integrated_anndata/cell_cycle/umap/density2
making dir: /nfs/turbo/umms-indikar/shared/projects/HSC/pipeline_outputs/integrated_anndata/cell_cycle/umap/density2
making dir: /nfs/turbo/umms-indikar/shared/projects/HSC/pipeline_outputs/integrated_anndata/cell_cycle/umap/density2
making dir: /nfs/turbo/umms-indikar/shared/projects/HSC/pipeline_outputs/integrated_anndata/cell_cycle/umap/density2
making dir: /nfs/turbo/umms-indikar/shared/projects/HSC/pipeline_outputs/integrated_anndata/cell_cycle/umap/density2
making dir: /nfs/turbo/umms-indikar/shared/projects/HSC/pipeline_outputs/integrated_anndata/cell_cycle/umap/density2
making dir: /nfs/turbo/umms-indikar/shared/projects/HSC/pipeline_outputs/integrated_anndata/cell_cycle/umap/density2
making dir: /nfs/turbo/umms-indikar/shared/projects/HSC/pipeline_outputs/integrated_anndata/cell_cycle/umap/density2
making dir: /nfs/turbo/umms-indikar/shared/projects/HSC/pipeline_outputs/integrated_anndata/cell_cycle/umap/density2
making dir: /nfs/turbo/umms-indikar/shared/projects/HSC/pipeline_outputs/integrated_anndata/cell_cycle/umap/density2
making dir: /nfs/turbo/umms-indikar/shared/projects/HSC/pipeline_outputs/integrated_anndata/cell_cycle/umap/density2
making dir: /nfs/turbo/umms-indikar/shared/projects/HSC/pipeline_outputs/integrated_anndata/cell_cycle/umap/density2
making dir: /nfs/turbo/umms-indikar/shared/projects/HSC/pipeline_outputs/integrated_anndata/cell_cycle/umap/density2
making dir: /nfs/turbo/umms-indikar/shared/projects/HSC/pipeline_outputs/integrated_anndata/cell_cycle/umap/density2
making dir: /nfs/turbo/umms-indikar/shared/projects/HSC/pipeline_outputs/integrated_anndata/cell_cycle/umap/density2
making dir: /nfs/turbo/umms-indikar/shared/projects/HSC/pipeline_outputs/integrated_anndata/cell_cycle/umap/density2
making dir: /nfs/turbo/umms-indikar/shared/projects/HSC/pipeline_outputs/integrated_anndata/cell_cycle/umap/density2
making dir: /nfs/turbo/umms-indikar/shared/projects/HSC/pipeline_outputs/integrated_anndata/cell_cycle/umap/density2
making dir: /nfs/turbo/umms-indikar/shared/projects/HSC/pipeline_outputs/integrated_anndata/cell_cycle/umap/density2
making dir: /nfs/turbo/umms-indikar/shared/projects/HSC/pipeline_outputs/integrated_anndata/cell_cycle/umap/density2
making dir: /nfs/turbo/umms-indikar/shared/projects/HSC/pipeline_outputs/integrated_anndata/cell_cycle/umap/density2
making dir: /nfs/turbo/umms-indikar/shared/projects/HSC/pipeline_outputs/integrated_anndata/cell_cycle/umap/density2
making dir: /nfs/turbo/umms-indikar/shared/projects/HSC/pipeline_outputs/integrated_anndata/cell_cycle/umap/density2
making dir: /nfs/turbo/umms-indikar/shared/projects/HSC/pipeline_outputs/integrated_anndata/cell_cycle/umap/density2
making dir: /nfs/turbo/umms-indikar/shared/projects/HSC/pipeline_outputs/integrated_anndata/cell_cycle/umap/density2
making dir: /nfs/turbo/umms-indikar/shared/projects/HSC/pipeline_outputs/integrated_anndata/cell_cycle/umap/density2
making dir: /nfs/turbo/umms-indikar/shared/projects/HSC/pipeline_outputs/integrated_anndata/cell_cycle/umap/density2
making dir: /nfs/turbo/umms-indikar/shared/projects/HSC/pipeline_outputs/integrated_anndata/cell_cycle/umap/density2
making dir: /nfs/turbo/umms-indikar/shared/projects/HSC/pipeline_outputs/integrated_anndata/cell_cycle/umap/density2
making dir: /nfs/turbo/umms-indikar/shared/projects/HSC/pipeline_outputs/integrated_anndata/cell_cycle/umap/density2
making dir: /nfs/turbo/umms-indikar/shared/projects/HSC/pipeline_outputs/integrated_anndata/cell_cycle/umap/density2
making dir: /nfs/turbo/umms-indikar/shared/projects/HSC/pipeline_outputs/integrated_anndata/cell_cycle/umap/density2
making dir: /nfs/turbo/umms-indikar/shared/projects/HSC/pipeline_outputs/integrated_anndata/cell_cycle/umap/density2
making dir: /nfs/turbo/umms-indikar/shared/projects/HSC/pipeline_outputs/integrated_anndata/cell_cycle/umap/density2

=== Evaluation (TrajectoryNet.eval) ===
integrating backwards

Done: Thu Sep  4 19:30:50 EDT 2025  Run ID: 20250904_094404_31887026
